[
    [
        2,
        "Field 'title' cannot be blank"
    ],
    [
        3,
        "Field 'content' cannot be blank"
    ],
    [
        4,
        "Field 'category' cannot be blank"
    ],
    [
        5,
        "Field 'title' cannot be longer than 255 characters"
    ],
    [
        6,
        "Filed 'category' must be a non-empty list of dash-separated categories"
    ],
    [
        7,
        "Filed 'category' must be a non-empty list of dash-separated categories"
    ],
    [
        8,
        "Filed 'category' must be a non-empty list of dash-separated categories"
    ],
    [
        9,
        "The field 'url' must satisfy at least one of the following constraints [1] This value should be blank. [2] The url \"no valid url\" is not a valid url"
    ]
]
